[INFO ] --- [2026-07-09 12:26:11] [window.odin:133:window_init()] GL_ARB_bindless_texture: supported
[INFO ] --- [2026-07-09 12:26:11] [window.odin:160:window_init()] SSBO blocks - vertex: 16, fragment: 16, combined: 96
[DEBUG] --- [2026-07-09 12:26:11] [osu_skins.odin:364:skin_load_elements()] skin warning: no texture found for SLIDER_TICK%!(EXTRA true)
[DEBUG] --- [2026-07-09 12:26:11] [osu_skins.odin:364:skin_load_elements()] skin warning: no texture found for SLIDER_END_OVERLAY%!(EXTRA true)
[DEBUG] --- [2026-07-09 12:26:11] [osu_skins.odin:364:skin_load_elements()] skin warning: no texture found for SLIDER_START_CIRCLE%!(EXTRA true)
[DEBUG] --- [2026-07-09 12:26:11] [osu_skins.odin:364:skin_load_elements()] skin warning: no texture found for SLIDER_START_CIRCLE_OVERLAY%!(EXTRA true)
[ERROR] --- [2026-07-09 12:26:11] [audio.odin:464:sample_load_file()] BASS sample load error: 41 :: normal-sliderwhistle.wav
[ERROR] --- [2026-07-09 12:26:11] [audio.odin:464:sample_load_file()] BASS sample load error: 41 :: drum-sliderslide.wav
[INFO ] --- [2026-07-09 12:26:12] [osu_mapset.odin:1034:mapset_load_shader_entry()] mapset shader 'wave' loaded (blend: ALPHA, depth_write: false)
[INFO ] --- [2026-07-09 12:26:12] [osu_mapset.odin:1034:mapset_load_shader_entry()] mapset shader 'blur_h' loaded (blend: NONE, depth_write: false)
[INFO ] --- [2026-07-09 12:26:12] [osu_mapset.odin:1034:mapset_load_shader_entry()] mapset shader 'blur_v' loaded (blend: NONE, depth_write: false)
[INFO ] --- [2026-07-09 12:26:12] [osu_mapset.odin:1034:mapset_load_shader_entry()] mapset shader 'composite' loaded (blend: ADDITIVE, depth_write: false)
[INFO ] --- [2026-07-09 12:26:12] [osu_mapset.odin:1034:mapset_load_shader_entry()] mapset shader 'crt' loaded (blend: NONE, depth_write: false)
[INFO ] --- [2026-07-09 12:26:12] [osu_mapset.odin:1034:mapset_load_shader_entry()] mapset shader 'mesh' loaded (blend: ALPHA, depth_write: true)
[INFO ] --- [2026-07-09 12:26:12] [osu_mapset.odin:1402:load_model()] load_model 'Crate1.gltf': 36 vertices loaded (24 source verts, indexed: true)
[INFO ] --- [2026-07-09 12:26:12] [osu_mapset.odin:1066:mapset_load_buffer_entry()] mapset buffer 'my_model' loaded (size: 1152 bytes, writable: false)
[INFO ] --- [2026-07-09 12:26:12] [osu_mapset.odin:1066:mapset_load_buffer_entry()] mapset buffer 'wave_data' loaded (size: 4096 bytes, writable: true)
[INFO ] --- [2026-07-09 12:26:12] [osu_mapset.odin:1089:mapset_load_render_target_entry()] mapset render target 'scene' loaded (1920x1050, clear: true)
[INFO ] --- [2026-07-09 12:26:12] [osu_mapset.odin:1089:mapset_load_render_target_entry()] mapset render target 'mesh_scene' loaded (1920x1050, clear: true)
[INFO ] --- [2026-07-09 12:26:12] [osu_mapset.odin:1089:mapset_load_render_target_entry()] mapset render target 'bloom_a' loaded (960x525, clear: true)
[INFO ] --- [2026-07-09 12:26:12] [osu_mapset.odin:1089:mapset_load_render_target_entry()] mapset render target 'bloom_b' loaded (960x525, clear: true)
[INFO ] --- [2026-07-09 12:26:12] [osu_mapset.odin:306:mapset_open_for_editing()] opened mapset with directory watch: songs/good bye mr jack/
[INFO ] --- [2026-07-09 12:26:34] [osu_mapset.odin:306:mapset_open_for_editing()] opened mapset with directory watch: F:\osu!\Songs\100348 Halozy - Sentimental Skyscraper\
[INFO ] --- [2026-07-09 12:26:38] [osu_mapset.odin:306:mapset_open_for_editing()] opened mapset with directory watch: F:\osu!\Songs\100348 Halozy - Sentimental Skyscraper\
[INFO ] --- [2026-07-09 12:26:41] [osu_mapset.odin:306:mapset_open_for_editing()] opened mapset with directory watch: F:\osu!\Songs\100348 Halozy - Sentimental Skyscraper\
[INFO ] --- [2026-07-09 12:26:42] [osu_mapset.odin:306:mapset_open_for_editing()] opened mapset with directory watch: F:\osu!\Songs\100348 Halozy - Sentimental Skyscraper\
[INFO ] --- [2026-07-09 12:28:16] [osu_mapset.odin:306:mapset_open_for_editing()] opened mapset with directory watch: F:\osu!\Songs\100348 Halozy - Sentimental Skyscraper\
[INFO ] --- [2026-07-09 12:28:21] [osu_mapset.odin:306:mapset_open_for_editing()] opened mapset with directory watch: F:\osu!\Songs\100348 Halozy - Sentimental Skyscraper\
[INFO ] --- [2026-07-09 12:31:56] [osu_mapset.odin:306:mapset_open_for_editing()] opened mapset with directory watch: F:\osu!\Songs\100348 Halozy - Sentimental Skyscraper\
[INFO ] --- [2026-07-09 12:32:28] [osu_mapset.odin:306:mapset_open_for_editing()] opened mapset with directory watch: F:\osu!\Songs\106212 LeaF - MEPHISTO\
[INFO ] --- [2026-07-09 12:32:36] [osu_mapset.odin:306:mapset_open_for_editing()] opened mapset with directory watch: F:\osu!\Songs\106212 LeaF - MEPHISTO\
[INFO ] --- [2026-07-09 12:32:43] [osu_mapset.odin:306:mapset_open_for_editing()] opened mapset with directory watch: F:\osu!\Songs\106212 LeaF - MEPHISTO\
[INFO ] --- [2026-07-09 12:32:55] [osu_mapset.odin:306:mapset_open_for_editing()] opened mapset with directory watch: F:\osu!\Songs\106212 LeaF - MEPHISTO\
[INFO ] --- [2026-07-09 12:34:57] [osu_mapset.odin:306:mapset_open_for_editing()] opened mapset with directory watch: F:\osu!\Songs\106212 LeaF - MEPHISTO\
[INFO ] --- [2026-07-09 12:34:58] [osu_mapset.odin:306:mapset_open_for_editing()] opened mapset with directory watch: F:\osu!\Songs\106212 LeaF - MEPHISTO\
[INFO ] --- [2026-07-09 12:34:59] [osu_mapset.odin:306:mapset_open_for_editing()] opened mapset with directory watch: F:\osu!\Songs\106212 LeaF - MEPHISTO\
[INFO ] --- [2026-07-09 12:35:23] [osu_mapset.odin:306:mapset_open_for_editing()] opened mapset with directory watch: F:\osu!\Songs\109230 sasakureUK x lasah - 2 HAL 9000\
[INFO ] --- [2026-07-09 12:35:26] [osu_mapset.odin:306:mapset_open_for_editing()] opened mapset with directory watch: F:\osu!\Songs\109230 sasakureUK x lasah - 2 HAL 9000\
[INFO ] --- [2026-07-09 12:39:37] [osu_mapset.odin:306:mapset_open_for_editing()] opened mapset with directory watch: F:\osu!\Songs\109230 sasakureUK x lasah - 2 HAL 9000\
[INFO ] --- [2026-07-09 12:41:04] [osu_mapset.odin:306:mapset_open_for_editing()] opened mapset with directory watch: F:\osu!\Songs\133771 Yuuyu - Scrap Syndrome\
[INFO ] --- [2026-07-09 12:41:07] [osu_mapset.odin:306:mapset_open_for_editing()] opened mapset with directory watch: F:\osu!\Songs\133771 Yuuyu - Scrap Syndrome\
[INFO ] --- [2026-07-09 12:42:07] [osu_mapset.odin:306:mapset_open_for_editing()] opened mapset with directory watch: F:\osu!\Songs\133771 Yuuyu - Scrap Syndrome\
[INFO ] --- [2026-07-09 12:42:11] [osu_mapset.odin:306:mapset_open_for_editing()] opened mapset with directory watch: F:\osu!\Songs\133771 Yuuyu - Scrap Syndrome\
[INFO ] --- [2026-07-09 12:42:30] [osu_mapset.odin:306:mapset_open_for_editing()] opened mapset with directory watch: F:\osu!\Songs\133771 Yuuyu - Scrap Syndrome\
[INFO ] --- [2026-07-09 12:42:31] [osu_mapset.odin:306:mapset_open_for_editing()] opened mapset with directory watch: F:\osu!\Songs\133771 Yuuyu - Scrap Syndrome\
[INFO ] --- [2026-07-09 12:42:41] [osu_mapset.odin:306:mapset_open_for_editing()] opened mapset with directory watch: F:\osu!\Songs\133771 Yuuyu - Scrap Syndrome\
[INFO ] --- [2026-07-09 12:42:43] [osu_mapset.odin:306:mapset_open_for_editing()] opened mapset with directory watch: F:\osu!\Songs\133771 Yuuyu - Scrap Syndrome\
[INFO ] --- [2026-07-09 12:44:20] [osu_mapset.odin:306:mapset_open_for_editing()] opened mapset with directory watch: F:\osu!\Songs\133771 Yuuyu - Scrap Syndrome\
[INFO ] --- [2026-07-09 12:45:10] [osu_mapset.odin:306:mapset_open_for_editing()] opened mapset with directory watch: F:\osu!\Songs\142669 Hatsune Miku - Tadiu Jinkaku\
[INFO ] --- [2026-07-09 12:45:12] [osu_mapset.odin:306:mapset_open_for_editing()] opened mapset with directory watch: F:\osu!\Songs\142669 Hatsune Miku - Tadiu Jinkaku\
[INFO ] --- [2026-07-09 12:48:19] [osu_mapset.odin:306:mapset_open_for_editing()] opened mapset with directory watch: F:\osu!\Songs\142669 Hatsune Miku - Tadiu Jinkaku\
[INFO ] --- [2026-07-09 12:49:11] [osu_mapset.odin:306:mapset_open_for_editing()] opened mapset with directory watch: F:\osu!\Songs\147910 aran - Graces of Heaven\
[INFO ] --- [2026-07-09 12:50:18] [osu_mapset.odin:306:mapset_open_for_editing()] opened mapset with directory watch: F:\osu!\Songs\147910 aran - Graces of Heaven\
[INFO ] --- [2026-07-09 12:50:19] [osu_mapset.odin:306:mapset_open_for_editing()] opened mapset with directory watch: F:\osu!\Songs\147910 aran - Graces of Heaven\
[INFO ] --- [2026-07-09 12:50:21] [osu_mapset.odin:306:mapset_open_for_editing()] opened mapset with directory watch: F:\osu!\Songs\147910 aran - Graces of Heaven\
[INFO ] --- [2026-07-09 12:50:21] [osu_mapset.odin:306:mapset_open_for_editing()] opened mapset with directory watch: F:\osu!\Songs\147910 aran - Graces of Heaven\
[INFO ] --- [2026-07-09 12:50:28] [osu_mapset.odin:306:mapset_open_for_editing()] opened mapset with directory watch: F:\osu!\Songs\147910 aran - Graces of Heaven\
[INFO ] --- [2026-07-09 12:50:29] [osu_mapset.odin:306:mapset_open_for_editing()] opened mapset with directory watch: F:\osu!\Songs\147910 aran - Graces of Heaven\
[INFO ] --- [2026-07-09 12:50:32] [osu_mapset.odin:306:mapset_open_for_editing()] opened mapset with directory watch: F:\osu!\Songs\147910 aran - Graces of Heaven\
[INFO ] --- [2026-07-09 12:50:34] [osu_mapset.odin:306:mapset_open_for_editing()] opened mapset with directory watch: F:\osu!\Songs\147910 aran - Graces of Heaven\
[INFO ] --- [2026-07-09 12:50:39] [osu_mapset.odin:306:mapset_open_for_editing()] opened mapset with directory watch: F:\osu!\Songs\147910 aran - Graces of Heaven\
[INFO ] --- [2026-07-09 12:50:39] [osu_mapset.odin:306:mapset_open_for_editing()] opened mapset with directory watch: F:\osu!\Songs\147910 aran - Graces of Heaven\
[INFO ] --- [2026-07-09 12:53:59] [osu_mapset.odin:306:mapset_open_for_editing()] opened mapset with directory watch: F:\osu!\Songs\147910 aran - Graces of Heaven\
[INFO ] --- [2026-07-09 12:54:06] [osu_mapset.odin:306:mapset_open_for_editing()] opened mapset with directory watch: F:\osu!\Songs\147910 aran - Graces of Heaven\
[INFO ] --- [2026-07-09 12:54:12] [osu_mapset.odin:306:mapset_open_for_editing()] opened mapset with directory watch: F:\osu!\Songs\147910 aran - Graces of Heaven\
[INFO ] --- [2026-07-09 12:56:44] [osu_mapset.odin:306:mapset_open_for_editing()] opened mapset with directory watch: F:\osu!\Songs\147910 aran - Graces of Heaven\
[DEBUG] --- [2026-07-09 12:56:45] [osu_skins.odin:364:skin_load_elements()] skin warning: no texture found for SLIDER_END_OVERLAY%!(EXTRA true)
[DEBUG] --- [2026-07-09 12:56:45] [osu_skins.odin:364:skin_load_elements()] skin warning: no texture found for SLIDER_START_CIRCLE%!(EXTRA true)
[DEBUG] --- [2026-07-09 12:56:45] [osu_skins.odin:364:skin_load_elements()] skin warning: no texture found for SLIDER_START_CIRCLE_OVERLAY%!(EXTRA true)
[ERROR] --- [2026-07-09 12:56:45] [audio.odin:464:sample_load_file()] BASS sample load error: 41 :: normal-sliderwhistle.wav
[ERROR] --- [2026-07-09 12:56:45] [audio.odin:464:sample_load_file()] BASS sample load error: 41 :: drum-sliderslide.wav
[DEBUG] --- [2026-07-09 12:56:46] [osu_skins.odin:364:skin_load_elements()] skin warning: no texture found for SLIDER_END_OVERLAY%!(EXTRA true)
[DEBUG] --- [2026-07-09 12:56:46] [osu_skins.odin:364:skin_load_elements()] skin warning: no texture found for SLIDER_START_CIRCLE%!(EXTRA true)
[DEBUG] --- [2026-07-09 12:56:46] [osu_skins.odin:364:skin_load_elements()] skin warning: no texture found for SLIDER_START_CIRCLE_OVERLAY%!(EXTRA true)
[ERROR] --- [2026-07-09 12:56:46] [audio.odin:464:sample_load_file()] BASS sample load error: 41 :: normal-sliderwhistle.wav
[ERROR] --- [2026-07-09 12:56:46] [audio.odin:464:sample_load_file()] BASS sample load error: 41 :: drum-sliderslide.wav
[DEBUG] --- [2026-07-09 12:56:47] [osu_skins.odin:364:skin_load_elements()] skin warning: no texture found for SLIDER_END_OVERLAY%!(EXTRA true)
[DEBUG] --- [2026-07-09 12:56:47] [osu_skins.odin:364:skin_load_elements()] skin warning: no texture found for SLIDER_START_CIRCLE%!(EXTRA true)
[DEBUG] --- [2026-07-09 12:56:47] [osu_skins.odin:364:skin_load_elements()] skin warning: no texture found for SLIDER_START_CIRCLE_OVERLAY%!(EXTRA true)
[ERROR] --- [2026-07-09 12:56:47] [audio.odin:464:sample_load_file()] BASS sample load error: 41 :: normal-sliderwhistle.wav
[ERROR] --- [2026-07-09 12:56:47] [audio.odin:464:sample_load_file()] BASS sample load error: 41 :: drum-sliderslide.wav
[DEBUG] --- [2026-07-09 12:56:47] [osu_skins.odin:364:skin_load_elements()] skin warning: no texture found for SLIDER_END_OVERLAY%!(EXTRA true)
[DEBUG] --- [2026-07-09 12:56:47] [osu_skins.odin:364:skin_load_elements()] skin warning: no texture found for SLIDER_START_CIRCLE%!(EXTRA true)
[DEBUG] --- [2026-07-09 12:56:47] [osu_skins.odin:364:skin_load_elements()] skin warning: no texture found for SLIDER_START_CIRCLE_OVERLAY%!(EXTRA true)
[ERROR] --- [2026-07-09 12:56:47] [audio.odin:464:sample_load_file()] BASS sample load error: 41 :: normal-sliderwhistle.wav
[ERROR] --- [2026-07-09 12:56:47] [audio.odin:464:sample_load_file()] BASS sample load error: 41 :: drum-sliderslide.wav
[DEBUG] --- [2026-07-09 12:56:47] [osu_skins.odin:364:skin_load_elements()] skin warning: no texture found for SLIDER_END_OVERLAY%!(EXTRA true)
[DEBUG] --- [2026-07-09 12:56:47] [osu_skins.odin:364:skin_load_elements()] skin warning: no texture found for SLIDER_START_CIRCLE%!(EXTRA true)
[DEBUG] --- [2026-07-09 12:56:47] [osu_skins.odin:364:skin_load_elements()] skin warning: no texture found for SLIDER_START_CIRCLE_OVERLAY%!(EXTRA true)
[ERROR] --- [2026-07-09 12:56:47] [audio.odin:464:sample_load_file()] BASS sample load error: 41 :: normal-sliderwhistle.wav
[ERROR] --- [2026-07-09 12:56:47] [audio.odin:464:sample_load_file()] BASS sample load error: 41 :: drum-sliderslide.wav
[DEBUG] --- [2026-07-09 12:56:47] [osu_skins.odin:364:skin_load_elements()] skin warning: no texture found for SLIDER_END_OVERLAY%!(EXTRA true)
[DEBUG] --- [2026-07-09 12:56:47] [osu_skins.odin:364:skin_load_elements()] skin warning: no texture found for SLIDER_START_CIRCLE%!(EXTRA true)
[DEBUG] --- [2026-07-09 12:56:47] [osu_skins.odin:364:skin_load_elements()] skin warning: no texture found for SLIDER_START_CIRCLE_OVERLAY%!(EXTRA true)
[ERROR] --- [2026-07-09 12:56:47] [audio.odin:464:sample_load_file()] BASS sample load error: 41 :: normal-sliderwhistle.wav
[ERROR] --- [2026-07-09 12:56:47] [audio.odin:464:sample_load_file()] BASS sample load error: 41 :: drum-sliderslide.wav
[DEBUG] --- [2026-07-09 12:56:48] [osu_skins.odin:364:skin_load_elements()] skin warning: no texture found for SLIDER_END_OVERLAY%!(EXTRA true)
[DEBUG] --- [2026-07-09 12:56:48] [osu_skins.odin:364:skin_load_elements()] skin warning: no texture found for SLIDER_START_CIRCLE%!(EXTRA true)
[DEBUG] --- [2026-07-09 12:56:48] [osu_skins.odin:364:skin_load_elements()] skin warning: no texture found for SLIDER_START_CIRCLE_OVERLAY%!(EXTRA true)
[ERROR] --- [2026-07-09 12:56:48] [audio.odin:464:sample_load_file()] BASS sample load error: 41 :: normal-sliderwhistle.wav
[ERROR] --- [2026-07-09 12:56:48] [audio.odin:464:sample_load_file()] BASS sample load error: 41 :: drum-sliderslide.wav
[DEBUG] --- [2026-07-09 12:56:48] [osu_skins.odin:364:skin_load_elements()] skin warning: no texture found for SLIDER_END_OVERLAY%!(EXTRA true)
[DEBUG] --- [2026-07-09 12:56:48] [osu_skins.odin:364:skin_load_elements()] skin warning: no texture found for SLIDER_START_CIRCLE%!(EXTRA true)
[DEBUG] --- [2026-07-09 12:56:48] [osu_skins.odin:364:skin_load_elements()] skin warning: no texture found for SLIDER_START_CIRCLE_OVERLAY%!(EXTRA true)
[ERROR] --- [2026-07-09 12:56:48] [audio.odin:464:sample_load_file()] BASS sample load error: 41 :: normal-sliderwhistle.wav
[ERROR] --- [2026-07-09 12:56:48] [audio.odin:464:sample_load_file()] BASS sample load error: 41 :: drum-sliderslide.wav
[INFO ] --- [2026-07-09 12:57:02] [osu_mapset.odin:306:mapset_open_for_editing()] opened mapset with directory watch: F:\osu!\Songs\148003 a_hisa - Cheshire,s dance\
[INFO ] --- [2026-07-09 12:57:05] [osu_mapset.odin:306:mapset_open_for_editing()] opened mapset with directory watch: F:\osu!\Songs\148003 a_hisa - Cheshire,s dance\
[INFO ] --- [2026-07-09 12:57:07] [osu_mapset.odin:306:mapset_open_for_editing()] opened mapset with directory watch: F:\osu!\Songs\148003 a_hisa - Cheshire,s dance\
[INFO ] --- [2026-07-09 12:57:08] [osu_mapset.odin:306:mapset_open_for_editing()] opened mapset with directory watch: F:\osu!\Songs\148003 a_hisa - Cheshire,s dance\
[INFO ] --- [2026-07-09 13:00:04] [osu_mapset.odin:306:mapset_open_for_editing()] opened mapset with directory watch: F:\osu!\Songs\148003 a_hisa - Cheshire,s dance\
[INFO ] --- [2026-07-09 13:01:41] [osu_mapset.odin:306:mapset_open_for_editing()] opened mapset with directory watch: F:\osu!\Songs\166038 Nekomata Master - Welcome to tricoro system\
[INFO ] --- [2026-07-09 13:01:44] [osu_mapset.odin:306:mapset_open_for_editing()] opened mapset with directory watch: F:\osu!\Songs\166038 Nekomata Master - Welcome to tricoro system\
